#-----------------------------------------------------------
# Vivado v2024.2 (64-bit)
# SW Build 5239630 on Fri Nov 08 22:35:27 MST 2024
# IP Build 5239520 on Sun Nov 10 16:12:51 MST 2024
# SharedData Build 5239561 on Fri Nov 08 14:39:27 MST 2024
# Start of session at: Fri Apr 18 14:23:42 2025
# Process ID         : 166716
# Current directory  : N:/Study/Coding/RISC-V/lab2_stu/miniRV_axi/miniRV_axi.runs/axi_bram_ctrl_0_synth_1
# Command line       : vivado.exe -log axi_bram_ctrl_0.vds -product Vivado -mode batch -messageDb vivado.pb -notrace -source axi_bram_ctrl_0.tcl
# Log file           : N:/Study/Coding/RISC-V/lab2_stu/miniRV_axi/miniRV_axi.runs/axi_bram_ctrl_0_synth_1/axi_bram_ctrl_0.vds
# Journal file       : N:/Study/Coding/RISC-V/lab2_stu/miniRV_axi/miniRV_axi.runs/axi_bram_ctrl_0_synth_1\vivado.jou
# Running On         : DESKTOP-862KP6D
# Platform           : Windows Server 2016 or Windows 10
# Operating System   : 26100
# Processor Detail   : AMD Ryzen 9 7945HX with Radeon Graphics        
# CPU Frequency      : 2495 MHz
# CPU Physical cores : 16
# CPU Logical cores  : 32
# Host memory        : 16308 MB
# Swap memory        : 16685 MB
# Total Virtual      : 32993 MB
# Available Virtual  : 9477 MB
#-----------------------------------------------------------
source axi_bram_ctrl_0.tcl -notrace
